=== hostname / uptime / date ===
ernst
 11:05:27  up 10 days 23:50,  0 users,  load average: 1.00, 1.02, 1.00
Fri, 14 Aug 2026 11:05:27 +0200

=== zpool status (full) ===
  pool: zdata
 state: ONLINE
  scan: scrub repaired 0B in 00:00:00 with 0 errors on Mon Aug  3 17:10:00 2026
config:

	NAME                              STATE     READ WRITE CKSUM
	zdata                             ONLINE       0     0     0
	  raidz1-0                        ONLINE       0     0     0
	    wwn-0x5002538b0213bbe0-part1  ONLINE       0     0     0
	    wwn-0x5002538b0213bc20-part1  ONLINE       0     0     0
	    wwn-0x5002538b0213bc30-part1  ONLINE       0     0     0
	    wwn-0x5002538b0213bc80-part1  ONLINE       0     0     0
	    wwn-0x5002538b0214e620-part1  ONLINE       0     0     0
	    wwn-0x5002538b0311c2b0-part1  ONLINE       0     0     0

errors: No known data errors

  pool: zroot
 state: DEGRADED
status: One or more devices have been removed.
	Sufficient replicas exist for the pool to continue functioning in a
	degraded state.
action: Online the device using zpool online' or replace the device with
	'zpool replace'.
  scan: scrub repaired 0B in 00:00:05 with 0 errors on Mon Aug  3 17:10:05 2026
config:

	NAME                              STATE     READ WRITE CKSUM
	zroot                             DEGRADED     0     0     0
	  mirror-0                        DEGRADED     0     0     0
	    wwn-0x5002538b722787f0-part1  ONLINE       0     0     0
	    wwn-0x50025380a5914360-part3  REMOVED      0     0     0

errors: No known data errors

=== zpool events (last 40) ===
Aug  5 2026 13:47:19.248662155	sysevent.fs.zfs.history_event
Aug  8 2026 08:23:25.382923807	sysevent.fs.zfs.history_event
Aug  8 2026 08:23:32.182966720	sysevent.fs.zfs.history_event
Aug  8 2026 19:04:26.234218548	sysevent.fs.zfs.history_event
Aug  8 2026 19:04:32.029261161	sysevent.fs.zfs.history_event
Aug 10 2026 04:27:49.198728357	sysevent.fs.zfs.trim_start
Aug 10 2026 04:27:49.198728357	sysevent.fs.zfs.trim_start
Aug 10 2026 04:27:49.198728357	sysevent.fs.zfs.trim_start
Aug 10 2026 04:27:49.198728357	sysevent.fs.zfs.trim_start
Aug 10 2026 04:27:49.198728357	sysevent.fs.zfs.history_event
Aug 10 2026 04:27:49.198728357	sysevent.fs.zfs.trim_start
Aug 10 2026 04:27:49.198728357	sysevent.fs.zfs.trim_start
Aug 10 2026 04:27:49.198728357	sysevent.fs.zfs.history_event
Aug 10 2026 04:27:49.212728449	sysevent.fs.zfs.history_event
Aug 10 2026 04:27:49.212728449	sysevent.fs.zfs.history_event
Aug 10 2026 04:27:49.212728449	sysevent.fs.zfs.history_event
Aug 10 2026 04:27:49.212728449	sysevent.fs.zfs.history_event
Aug 10 2026 04:27:49.220728501	sysevent.fs.zfs.trim_start
Aug 10 2026 04:27:49.220728501	sysevent.fs.zfs.trim_start
Aug 10 2026 04:27:49.221728507	sysevent.fs.zfs.history_event
Aug 10 2026 04:27:49.221728507	sysevent.fs.zfs.history_event
Aug 10 2026 04:28:01.298807280	sysevent.fs.zfs.trim_finish
Aug 10 2026 04:28:01.300807293	sysevent.fs.zfs.history_event
Aug 10 2026 04:28:03.306820395	sysevent.fs.zfs.trim_finish
Aug 10 2026 04:28:03.306820395	sysevent.fs.zfs.history_event
Aug 10 2026 04:42:14.020650277	sysevent.fs.zfs.trim_finish
Aug 10 2026 04:42:14.020650277	sysevent.fs.zfs.trim_finish
Aug 10 2026 04:42:14.020650277	sysevent.fs.zfs.history_event
Aug 10 2026 04:42:14.125651016	sysevent.fs.zfs.history_event
Aug 10 2026 04:42:16.136665170	sysevent.fs.zfs.trim_finish
Aug 10 2026 04:42:16.136665170	sysevent.fs.zfs.trim_finish
Aug 10 2026 04:42:16.136665170	sysevent.fs.zfs.trim_finish
Aug 10 2026 04:42:16.136665170	sysevent.fs.zfs.history_event
Aug 10 2026 04:42:16.136665170	sysevent.fs.zfs.history_event
Aug 10 2026 04:42:16.138665184	sysevent.fs.zfs.history_event
Aug 10 2026 04:42:16.149665262	sysevent.fs.zfs.trim_finish
Aug 10 2026 04:42:16.149665262	sysevent.fs.zfs.history_event
Aug 10 2026 18:50:45.990163678	sysevent.fs.zfs.history_event
Aug 11 2026 13:24:14.485321544	resource.fs.zfs.statechange
Aug 11 2026 13:24:14.485321544	resource.fs.zfs.removed

=== lsblk with WWN ===
NAME     SIZE LABEL PARTLABEL         FSTYPE     WWN                MOUNTPOINTS
sdb    894.3G                                    0x5002538b722787f0 
└─sdb1 894.3G zroot disk-system-b-zfs zfs_member 0x5002538b722787f0 
sdc       14T                                    0x5002538b0213bc80 
└─sdc1    14T zdata disk-data-4-zfs   zfs_member 0x5002538b0213bc80 
sdd       14T                                    0x5002538b0311c2b0 
└─sdd1    14T zdata disk-data-6-zfs   zfs_member 0x5002538b0311c2b0 
sde       14T                                    0x5002538b0213bbe0 
└─sde1    14T zdata disk-data-1-zfs   zfs_member 0x5002538b0213bbe0 
sdf       14T                                    0x5002538b0213bc30 
└─sdf1    14T zdata disk-data-3-zfs   zfs_member 0x5002538b0213bc30 
sdg       14T                                    0x5002538b0214e620 
└─sdg1    14T zdata disk-data-5-zfs   zfs_member 0x5002538b0214e620 
sdh       14T                                    0x5002538b0213bc20 
└─sdh1    14T zdata disk-data-2-zfs   zfs_member 0x5002538b0213bc20 

=== /dev/disk/by-id/ ===
total 0
lrwxrwxrwx 1 root root 10 Aug  3 11:15 dm-name-dev-disk-byx2dpartlabel-diskx2dsystemx2dax2dswap -> ../../dm-0
lrwxrwxrwx 1 root root 10 Aug  3 11:15 dm-uuid-CRYPT-PLAIN-dev-disk-byx2dpartlabel-diskx2dsystemx2dax2dswap -> ../../dm-0
lrwxrwxrwx 1 root root  9 Aug  3 11:15 scsi-35002538b0213bbe0 -> ../../sde
lrwxrwxrwx 1 root root 10 Aug  3 11:15 scsi-35002538b0213bbe0-part1 -> ../../sde1
lrwxrwxrwx 1 root root  9 Aug  3 11:15 scsi-35002538b0213bc20 -> ../../sdh
lrwxrwxrwx 1 root root 10 Aug  3 11:15 scsi-35002538b0213bc20-part1 -> ../../sdh1
lrwxrwxrwx 1 root root  9 Aug  3 11:15 scsi-35002538b0213bc30 -> ../../sdf
lrwxrwxrwx 1 root root 10 Aug  3 11:15 scsi-35002538b0213bc30-part1 -> ../../sdf1
lrwxrwxrwx 1 root root  9 Aug  3 11:15 scsi-35002538b0213bc80 -> ../../sdc
lrwxrwxrwx 1 root root 10 Aug  3 11:15 scsi-35002538b0213bc80-part1 -> ../../sdc1
lrwxrwxrwx 1 root root  9 Aug  3 11:15 scsi-35002538b0214e620 -> ../../sdg
lrwxrwxrwx 1 root root 10 Aug  3 11:15 scsi-35002538b0214e620-part1 -> ../../sdg1
lrwxrwxrwx 1 root root  9 Aug  3 11:15 scsi-35002538b0311c2b0 -> ../../sdd
lrwxrwxrwx 1 root root 10 Aug  3 11:15 scsi-35002538b0311c2b0-part1 -> ../../sdd1
lrwxrwxrwx 1 root root  9 Aug  3 11:15 scsi-35002538b722787f0 -> ../../sdb
lrwxrwxrwx 1 root root 10 Aug  3 11:15 scsi-35002538b722787f0-part1 -> ../../sdb1
lrwxrwxrwx 1 root root  9 Aug  3 11:15 wwn-0x5002538b0213bbe0 -> ../../sde
lrwxrwxrwx 1 root root 10 Aug  3 11:15 wwn-0x5002538b0213bbe0-part1 -> ../../sde1
lrwxrwxrwx 1 root root  9 Aug  3 11:15 wwn-0x5002538b0213bc20 -> ../../sdh
lrwxrwxrwx 1 root root 10 Aug  3 11:15 wwn-0x5002538b0213bc20-part1 -> ../../sdh1
lrwxrwxrwx 1 root root  9 Aug  3 11:15 wwn-0x5002538b0213bc30 -> ../../sdf
lrwxrwxrwx 1 root root 10 Aug  3 11:15 wwn-0x5002538b0213bc30-part1 -> ../../sdf1
lrwxrwxrwx 1 root root  9 Aug  3 11:15 wwn-0x5002538b0213bc80 -> ../../sdc
lrwxrwxrwx 1 root root 10 Aug  3 11:15 wwn-0x5002538b0213bc80-part1 -> ../../sdc1
lrwxrwxrwx 1 root root  9 Aug  3 11:15 wwn-0x5002538b0214e620 -> ../../sdg
lrwxrwxrwx 1 root root 10 Aug  3 11:15 wwn-0x5002538b0214e620-part1 -> ../../sdg1
lrwxrwxrwx 1 root root  9 Aug  3 11:15 wwn-0x5002538b0311c2b0 -> ../../sdd
lrwxrwxrwx 1 root root 10 Aug  3 11:15 wwn-0x5002538b0311c2b0-part1 -> ../../sdd1
lrwxrwxrwx 1 root root  9 Aug  3 11:15 wwn-0x5002538b722787f0 -> ../../sdb
lrwxrwxrwx 1 root root 10 Aug  3 11:15 wwn-0x5002538b722787f0-part1 -> ../../sdb1

=== lspci -tv (topology) ===
-[0000:00]-+-00.0  Advanced Micro Devices, Inc. [AMD] Raphael/Granite Ridge Root Complex
           +-00.2  Advanced Micro Devices, Inc. [AMD] Raphael/Granite Ridge IOMMU
           +-01.0  Advanced Micro Devices, Inc. [AMD] Raphael/Granite Ridge Dummy Host Bridge
           +-01.1-[01-03]----00.0-[02-03]----00.0-[03]--+-00.0  Advanced Micro Devices, Inc. [AMD/ATI] Navi 31 [Radeon RX 7900 XT/7900 XTX/7900 GRE/7900M]
           |                                            \-00.1  Advanced Micro Devices, Inc. [AMD/ATI] Navi 31 HDMI/DP Audio
           +-01.3-[04]----00.0  Broadcom / LSI SAS3224 PCI-Express Fusion-MPT SAS-3
           +-02.0  Advanced Micro Devices, Inc. [AMD] Raphael/Granite Ridge Dummy Host Bridge
           +-02.1-[05-12]----00.0-[06-12]--+-00.0-[07]--
           |                               +-08.0-[08-10]----00.0-[09-10]--+-00.0-[0a]--
           |                               |                               +-04.0-[0b]----00.0  MEDIATEK Corp. MT7927 802.11be 320MHz 2x2 PCIe Wireless Network Adapter [Filogic 380]
           |                               |                               +-05.0-[0c]----00.0  Intel Corporation Ethernet Controller I226-V
           |                               |                               +-06.0-[0d]----00.0  Aquantia Corp. AQtion AQC113CS NBase-T/IEEE 802.3an Ethernet Controller [Antigua 10G]
           |                               |                               +-08.0-[0e]--
           |                               |                               +-0c.0-[0f]----00.0  Advanced Micro Devices, Inc. [AMD] 800 Series Chipset USB 3.x XHCI Controller
           |                               |                               \-0d.0-[10]----00.0  Advanced Micro Devices, Inc. [AMD] 600 Series Chipset SATA Controller
           |                               +-0c.0-[11]----00.0  Advanced Micro Devices, Inc. [AMD] 800 Series Chipset USB 3.x XHCI Controller
           |                               \-0d.0-[12]----00.0  Advanced Micro Devices, Inc. [AMD] 600 Series Chipset SATA Controller
           +-02.2-[13-7a]----00.0-[14-7a]--+-00.0-[19-48]--
           |                               +-01.0-[49-78]--
           |                               +-02.0-[79]----00.0  ASMedia Technology Inc. ASM4242 USB 3.2 xHCI Controller
           |                               \-03.0-[7a]----00.0  ASMedia Technology Inc. ASM4242 USB 4 / Thunderbolt 3 Host Router
           +-03.0  Advanced Micro Devices, Inc. [AMD] Raphael/Granite Ridge Dummy Host Bridge
           +-04.0  Advanced Micro Devices, Inc. [AMD] Raphael/Granite Ridge Dummy Host Bridge
           +-08.0  Advanced Micro Devices, Inc. [AMD] Raphael/Granite Ridge Dummy Host Bridge
           +-08.1-[7b]--+-00.0  Advanced Micro Devices, Inc. [AMD/ATI] Granite Ridge [Radeon Graphics]
           |            +-00.1  Advanced Micro Devices, Inc. [AMD/ATI] Radeon High Definition Audio Controller
           |            +-00.2  Advanced Micro Devices, Inc. [AMD] Family 19h PSP/CCP
           |            +-00.3  Advanced Micro Devices, Inc. [AMD] Raphael/Granite Ridge USB 3.1 xHCI
           |            +-00.4  Advanced Micro Devices, Inc. [AMD] Raphael/Granite Ridge USB 3.1 xHCI
           |            \-00.6  Advanced Micro Devices, Inc. [AMD] Ryzen HD Audio Controller
           +-08.3-[7c]----00.0  Advanced Micro Devices, Inc. [AMD] Raphael/Granite Ridge USB 2.0 xHCI
           +-14.0  Advanced Micro Devices, Inc. [AMD] FCH SMBus Controller
           +-14.3  Advanced Micro Devices, Inc. [AMD] FCH LPC Bridge
           +-18.0  Advanced Micro Devices, Inc. [AMD] Raphael/Granite Ridge Data Fabric; Function 0
           +-18.1  Advanced Micro Devices, Inc. [AMD] Raphael/Granite Ridge Data Fabric; Function 1
           +-18.2  Advanced Micro Devices, Inc. [AMD] Raphael/Granite Ridge Data Fabric; Function 2
           +-18.3  Advanced Micro Devices, Inc. [AMD] Raphael/Granite Ridge Data Fabric; Function 3
           +-18.4  Advanced Micro Devices, Inc. [AMD] Raphael/Granite Ridge Data Fabric; Function 4
           +-18.5  Advanced Micro Devices, Inc. [AMD] Raphael/Granite Ridge Data Fabric; Function 5
           +-18.6  Advanced Micro Devices, Inc. [AMD] Raphael/Granite Ridge Data Fabric; Function 6
           \-18.7  Advanced Micro Devices, Inc. [AMD] Raphael/Granite Ridge Data Fabric; Function 7

=== lspci -vv for the AER-noisy bridge 0000:09:05.0 ===
09:05.0 PCI bridge: Advanced Micro Devices, Inc. [AMD] 600 Series Chipset PCIe Switch Downstream Port (rev 01) (prog-if 00 [Normal decode])
	Subsystem: ASMedia Technology Inc. Device 3328
	Control: I/O+ Mem+ BusMaster+ SpecCycle- MemWINV- VGASnoop- ParErr- Stepping- SERR- FastB2B- DisINTx+
	Status: Cap+ 66MHz- UDF- FastB2B- ParErr- DEVSEL=fast >TAbort- <TAbort- <MAbort- >SERR- <PERR- INTx-
	Latency: 0, Cache Line Size: 64 bytes
	Interrupts: pin B disabled, MSI(X) routed to IRQ 41
	IOMMU group: 20
	Bus: primary=09, secondary=0c, subordinate=0c, sec-latency=0
	I/O behind bridge: [disabled] [32-bit]
	Memory behind bridge: 80900000-80afffff [size=2M] [32-bit]
	Prefetchable memory behind bridge: [disabled] [64-bit]
	Secondary status: 66MHz- FastB2B- ParErr- DEVSEL=fast >TAbort- <TAbort- <MAbort- <SERR- <PERR+
	BridgeCtl: Parity- SERR+ NoISA- VGA- VGA16+ MAbort- >Reset- FastB2B-
		PriDiscTmr- SecDiscTmr- DiscTmrStat- DiscTmrSERREn-
	Capabilities: [50] MSI: Enable+ Count=1/1 Maskable- 64bit+
		Address: 00000000fee00000  Data: 0000
	Capabilities: [70] Power Management version 3
		Flags: PMEClk- DSI+ D1- D2- AuxCurrent=0mA PME(D0+,D1-,D2-,D3hot+,D3cold+)
		Status: D0 NoSoftRst- PME-Enable- DSel=0 DScale=0 PME-
	Capabilities: [80] Express (v2) Downstream Port (Slot+), IntMsgNum 0
		DevCap:	MaxPayload 512 bytes, PhantFunc 0
			ExtTag+ RBE+ TEE-IO-
		DevCtl:	CorrErr+ NonFatalErr+ FatalErr+ UnsupReq+
			RlxdOrd+ ExtTag+ PhantFunc- AuxPwr- NoSnoop+
			MaxPayload 256 bytes, MaxReadReq 512 bytes
		DevSta:	CorrErr+ NonFatalErr- FatalErr+ UnsupReq+ AuxPwr- TransPend-
		LnkCap:	Port #1, Speed 8GT/s, Width x1, ASPM L1, Exit Latency L1 <32us
			ClockPM- Surprise+ LLActRep+ BwNot+ ASPMOptComp+
		LnkCtl:	ASPM L1 Enabled; LnkDisable- CommClk+
			ExtSynch- ClockPM- AutWidDis- BWInt+ AutBWInt+ FltModeDis-
		LnkSta:	Speed 5GT/s, Width x1
			TrErr- Train- SlotClk+ DLActive+ BWMgmt- ABWMgmt-
		SltCap:	AttnBtn- PwrCtrl- MRL- AttnInd- PwrInd- HotPlug- Surprise-
			Slot #0, PowerLimit 26W; Interlock- NoCompl-
		SltCtl:	Enable: AttnBtn- PwrFlt- MRL- PresDet- CmdCplt- HPIrq- LinkChg-
			Control: AttnInd Unknown, PwrInd Unknown, Power- Interlock-
		SltSta:	Status: AttnBtn- PowerFlt- MRL- CmdCplt- PresDet+ Interlock-
			Changed: MRL- PresDet+ LinkState+
		DevCap2: Completion Timeout: Not Supported, TimeoutDis- NROPrPrP- LTR+
			 10BitTagComp+ 10BitTagReq- OBFF Not Supported, ExtFmt- EETLPPrefix-
			 EmergencyPowerReduction Not Supported, EmergencyPowerReductionInit-
			 FRS- ARIFwd-
			 AtomicOpsCap: Routing-
		DevCtl2: Completion Timeout: 50us to 50ms, TimeoutDis- ARIFwd-
			 AtomicOpsCtl: EgressBlck-
			 IDOReq- IDOCompl- LTR- EmergencyPowerReductionReq-
			 10BitTagReq- OBFF Disabled, EETLPPrefixBlk-
		LnkCap2: Supported Link Speeds: 2.5-8GT/s, Crosslink- Retimer+ 2Retimers+ DRS-
		LnkCtl2: Target Link Speed: 16GT/s, EnterCompliance- SpeedDis-, Selectable De-emphasis: -6dB
			 Transmit Margin: Normal Operating Range, EnterModifiedCompliance- ComplianceSOS-
			 Compliance Preset/De-emphasis: -6dB de-emphasis, 0dB preshoot
		LnkSta2: Current De-emphasis Level: -6dB, EqualizationComplete- EqualizationPhase1-
			 EqualizationPhase2- EqualizationPhase3- LinkEqualizationRequest-
			 Retimer- 2Retimers- CrosslinkRes: unsupported, FltMode-
	Capabilities: [c0] Subsystem: ASMedia Technology Inc. Device 3328
	Capabilities: [100 v1] Advanced Error Reporting
		UESta:	DLP- SDES- TLP- FCP- CmpltTO- CmpltAbrt- UnxCmplt- RxOF- MalfTLP-
			ECRC- UnsupReq- ACSViol- UncorrIntErr- BlockedTLP- AtomicOpBlocked- TLPBlockedErr-
			PoisonTLPBlocked- DMWrReqBlocked- IDECheck- MisIDETLP- PCRC_CHECK- TLPXlatBlocked-
		UEMsk:	DLP- SDES- TLP- FCP- CmpltTO- CmpltAbrt- UnxCmplt- RxOF- MalfTLP-
			ECRC- UnsupReq- ACSViol- UncorrIntErr+ BlockedTLP- AtomicOpBlocked- TLPBlockedErr-
			PoisonTLPBlocked- DMWrReqBlocked- IDECheck- MisIDETLP- PCRC_CHECK- TLPXlatBlocked-
		UESvrt:	DLP+ SDES+ TLP- FCP+ CmpltTO- CmpltAbrt- UnxCmplt- RxOF+ MalfTLP+
			ECRC- UnsupReq- ACSViol- UncorrIntErr+ BlockedTLP- AtomicOpBlocked- TLPBlockedErr-
			PoisonTLPBlocked- DMWrReqBlocked- IDECheck- MisIDETLP- PCRC_CHECK- TLPXlatBlocked-
		CESta:	RxErr- BadTLP- BadDLLP- Rollover- Timeout- AdvNonFatalErr+ CorrIntErr- HeaderOF-
		CEMsk:	RxErr- BadTLP- BadDLLP- Rollover- Timeout- AdvNonFatalErr+ CorrIntErr+ HeaderOF-
		AERCap:	First Error Pointer: 00, ECRCGenCap- ECRCGenEn- ECRCChkCap- ECRCChkEn-
			MultHdrRecCap- MultHdrRecEn- TLPPfxPres- HdrLogCap-
		HeaderLog: 00000000 00000000 00000000 00000000
	Capabilities: [1c0 v1] Secondary PCI Express
		LnkCtl3: LnkEquIntrruptEn- PerformEqu-
		LaneErrStat: 0
	Capabilities: [200 v1] L1 PM Substates
		L1SubCap: PCI-PM_L1.2+ PCI-PM_L1.1+ ASPM_L1.2+ ASPM_L1.1+ L1_PM_Substates+
			  PortCommonModeRestoreTime=128us PortTPowerOnTime=150us
		L1SubCtl1: PCI-PM_L1.2- PCI-PM_L1.1- ASPM_L1.2- ASPM_L1.1-
			   T_CommonMode=128us LTR1.2_Threshold=284672ns
		L1SubCtl2: T_PwrOn=150us
	Capabilities: [220 v1] Data Link Feature <?>
	Capabilities: [240 v1] Physical Layer 16.0 GT/s
		Phy16Sta: EquComplete- EquPhase1- EquPhase2- EquPhase3- LinkEquRequest-
	Capabilities: [280 v1] Lane Margining at the Receiver
		PortCap: Uses Driver-
		PortSta: MargReady- MargSoftReady-
	Kernel driver in use: pcieport


=== lspci -vv for mpt3sas HBA 0000:04:00.0 ===
pcilib: sysfs_read_vpd: read failed: No such device
04:00.0 Serial Attached SCSI controller: Broadcom / LSI SAS3224 PCI-Express Fusion-MPT SAS-3 (rev 01)
	Subsystem: Broadcom / LSI SAS9305-16i
	Control: I/O+ Mem+ BusMaster+ SpecCycle- MemWINV- VGASnoop- ParErr- Stepping- SERR- FastB2B- DisINTx+
	Status: Cap+ 66MHz- UDF- FastB2B- ParErr- DEVSEL=fast >TAbort- <TAbort- <MAbort- >SERR- <PERR- INTx-
	Latency: 0, Cache Line Size: 64 bytes
	Interrupts: pin B disabled, MSI(X) routed to IRQ 89-120
	IOMMU group: 17
	Region 0: I/O ports at e000 [size=256]
	Region 1: Memory at de800000 (64-bit, non-prefetchable) [size=64K]
	Expansion ROM at de700000 [disabled] [size=1M]
	Capabilities: [50] Power Management version 3
		Flags: PMEClk- DSI- D1+ D2+ AuxCurrent=0mA PME(D0-,D1-,D2-,D3hot-,D3cold-)
		Status: D0 NoSoftRst+ PME-Enable- DSel=0 DScale=0 PME-
	Capabilities: [68] Express (v2) Endpoint, IntMsgNum 0
		DevCap:	MaxPayload 4096 bytes, PhantFunc 0, Latency L0s <64ns, L1 <1us
			ExtTag+ AttnBtn- AttnInd- PwrInd- RBE+ FLReset+ SlotPowerLimit 75W TEE-IO-
		DevCtl:	CorrErr+ NonFatalErr+ FatalErr+ UnsupReq+
			RlxdOrd+ ExtTag+ PhantFunc- AuxPwr- NoSnoop+ FLReset-
			MaxPayload 512 bytes, MaxReadReq 512 bytes
		DevSta:	CorrErr+ NonFatalErr- FatalErr- UnsupReq+ AuxPwr- TransPend-
		LnkCap:	Port #0, Speed 8GT/s, Width x8, ASPM not supported
			ClockPM- Surprise- LLActRep- BwNot- ASPMOptComp+
		LnkCtl:	ASPM Disabled; RCB 64 bytes, LnkDisable- CommClk+
			ExtSynch- ClockPM- AutWidDis- BWInt- AutBWInt- FltModeDis-
		LnkSta:	Speed 8GT/s, Width x8
			TrErr- Train- SlotClk+ DLActive- BWMgmt- ABWMgmt-
		DevCap2: Completion Timeout: Range BC, TimeoutDis+ NROPrPrP- LTR-
			 10BitTagComp- 10BitTagReq- OBFF Not Supported, ExtFmt- EETLPPrefix-
			 EmergencyPowerReduction Not Supported, EmergencyPowerReductionInit-
			 FRS- TPHComp- ExtTPHComp-
			 AtomicOpsCap: 32bit- 64bit- 128bitCAS-
		DevCtl2: Completion Timeout: 50us to 50ms, TimeoutDis-
			 AtomicOpsCtl: ReqEn-
			 IDOReq- IDOCompl- LTR- EmergencyPowerReductionReq-
			 10BitTagReq- OBFF Disabled, EETLPPrefixBlk-
		LnkCap2: Supported Link Speeds: 2.5-8GT/s, Crosslink- Retimer- 2Retimers- DRS-
		LnkCtl2: Target Link Speed: 8GT/s, EnterCompliance- SpeedDis-
			 Transmit Margin: Normal Operating Range, EnterModifiedCompliance- ComplianceSOS-
			 Compliance Preset/De-emphasis: -6dB de-emphasis, 0dB preshoot
		LnkSta2: Current De-emphasis Level: -3.5dB, EqualizationComplete+ EqualizationPhase1+
			 EqualizationPhase2+ EqualizationPhase3+ LinkEqualizationRequest-
			 Retimer- 2Retimers- CrosslinkRes: unsupported, FltMode-
	Capabilities: [d0] Vital Product Data
		Not readable
	Capabilities: [a8] MSI: Enable- Count=1/1 Maskable+ 64bit+
		Address: 0000000000000000  Data: 0000
		Masking: 00000000  Pending: 00000000
	Capabilities: [c0] MSI-X: Enable+ Count=96 Masked-
		Vector table: BAR=1 offset=0000e000
		PBA: BAR=1 offset=0000f000
	Capabilities: [100 v2] Advanced Error Reporting
		UESta:	DLP- SDES- TLP- FCP- CmpltTO- CmpltAbrt- UnxCmplt- RxOF- MalfTLP-
			ECRC- UnsupReq- ACSViol- UncorrIntErr- BlockedTLP- AtomicOpBlocked- TLPBlockedErr-
			PoisonTLPBlocked- DMWrReqBlocked- IDECheck- MisIDETLP- PCRC_CHECK- TLPXlatBlocked-
		UEMsk:	DLP- SDES- TLP- FCP- CmpltTO- CmpltAbrt- UnxCmplt- RxOF- MalfTLP-
			ECRC- UnsupReq- ACSViol- UncorrIntErr- BlockedTLP- AtomicOpBlocked- TLPBlockedErr-
			PoisonTLPBlocked- DMWrReqBlocked- IDECheck- MisIDETLP- PCRC_CHECK- TLPXlatBlocked-
		UESvrt:	DLP+ SDES+ TLP- FCP+ CmpltTO- CmpltAbrt- UnxCmplt- RxOF+ MalfTLP+
			ECRC- UnsupReq- ACSViol- UncorrIntErr+ BlockedTLP- AtomicOpBlocked- TLPBlockedErr-
			PoisonTLPBlocked- DMWrReqBlocked- IDECheck- MisIDETLP- PCRC_CHECK- TLPXlatBlocked-
		CESta:	RxErr- BadTLP- BadDLLP- Rollover- Timeout- AdvNonFatalErr- CorrIntErr- HeaderOF-
		CEMsk:	RxErr- BadTLP- BadDLLP- Rollover- Timeout- AdvNonFatalErr+ CorrIntErr- HeaderOF-
		AERCap:	First Error Pointer: 00, ECRCGenCap+ ECRCGenEn- ECRCChkCap+ ECRCChkEn-
			MultHdrRecCap- MultHdrRecEn- TLPPfxPres- HdrLogCap-
		HeaderLog: 04000001 0000210f 04070000 26ed504c
	Capabilities: [1e0 v1] Secondary PCI Express
		LnkCtl3: LnkEquIntrruptEn- PerformEqu-
		LaneErrStat: 0
	Capabilities: [1c0 v1] Power Budgeting <?>
	Capabilities: [190 v1] Dynamic Power Allocation <?>
	Capabilities: [148 v1] Alternative Routing-ID Interpretation (ARI)
		ARICap:	MFVC- ACS-, Next Function: 0
		ARICtl:	MFVC- ACS-, Function Group: 0
	Kernel driver in use: mpt3sas
	Kernel modules: mpt3sas


=== enclosure slot map (SES) ===
encl=* slot=* wwn=

=== SES status per slot ===
--- enclosure * ---
slot=* status= active= target=

=== journalctl since 2026-08-10, kernel, filtered ===
Aug 10 17:14:52 ernst kernel: igc 0000:0c:00.0 enp12s0: PCIe link lost, device now detached
Aug 10 17:14:52 ernst kernel: pcieport 0000:00:02.1: AER: Uncorrectable (Fatal) error message received from 0000:09:05.0
Aug 11 13:24:14 ernst kernel: zio pool=zroot vdev=/dev/disk/by-id/wwn-0x50025380a5914360-part3 error=5 type=2 offset=43860647936 size=4096 flags=3145856
Aug 11 13:24:14 ernst kernel: zio pool=zroot vdev=/dev/disk/by-id/wwn-0x50025380a5914360-part3 error=5 type=2 offset=43044777984 size=16384 flags=3145856
Aug 11 13:24:14 ernst kernel: zio pool=zroot vdev=/dev/disk/by-id/wwn-0x50025380a5914360-part3 error=5 type=2 offset=14897152 size=8192 flags=3145856
Aug 11 13:24:14 ernst kernel: zio pool=zroot vdev=/dev/disk/by-id/wwn-0x50025380a5914360-part3 error=5 type=2 offset=30671478784 size=4096 flags=3145856
Aug 11 13:24:14 ernst kernel: zio pool=zroot vdev=/dev/disk/by-id/wwn-0x50025380a5914360-part3 error=5 type=2 offset=43860652032 size=16384 flags=2148533376
Aug 11 13:24:14 ernst kernel: zio pool=zroot vdev=/dev/disk/by-id/wwn-0x50025380a5914360-part3 error=5 type=5 offset=0 size=0 flags=2098304
Aug 11 13:24:14 ernst kernel: zio pool=zroot vdev=/dev/disk/by-id/wwn-0x50025380a5914360-part3 error=5 type=5 offset=0 size=0 flags=2098304
Aug 11 13:24:14 ernst kernel: zio pool=zroot vdev=/dev/disk/by-id/wwn-0x50025380a5914360-part3 error=5 type=5 offset=0 size=0 flags=2098304
Aug 11 13:24:14 ernst kernel: mpt3sas_cm0: mpt3sas_transport_port_remove: removed: sas_addr(0x50025380a5914362)
Aug 11 13:24:14 ernst kernel: mpt3sas_cm0: removing handle(0x001f), sas_addr(0x50025380a5914362)
Aug 11 13:24:14 ernst kernel: mpt3sas_cm0: enclosure logical id(0x500062b204731180), slot(12)
Aug 11 13:24:14 ernst kernel: mpt3sas_cm0: enclosure level(0x0000), connector name(     )

=== dmesg full since Aug 10 ===
[Mon Aug 10 17:14:48 2026] igc 0000:0c:00.0 enp12s0: PCIe link lost, device now detached
[Mon Aug 10 17:14:48 2026] pcieport 0000:00:02.1: AER: Uncorrectable (Fatal) error message received from 0000:09:05.0
[Tue Aug 11 13:24:07 2026] sd 0:0:6:0: device_block, handle(0x001f)
[Tue Aug 11 13:24:09 2026] sd 0:0:6:0: device_unblock and setting to running, handle(0x001f)
[Tue Aug 11 13:24:09 2026] zio pool=zroot vdev=/dev/disk/by-id/wwn-0x50025380a5914360-part3 error=5 type=2 offset=43860647936 size=4096 flags=3145856
[Tue Aug 11 13:24:09 2026] zio pool=zroot vdev=/dev/disk/by-id/wwn-0x50025380a5914360-part3 error=5 type=2 offset=43044777984 size=16384 flags=3145856
[Tue Aug 11 13:24:09 2026] zio pool=zroot vdev=/dev/disk/by-id/wwn-0x50025380a5914360-part3 error=5 type=2 offset=14897152 size=8192 flags=3145856
[Tue Aug 11 13:24:09 2026] zio pool=zroot vdev=/dev/disk/by-id/wwn-0x50025380a5914360-part3 error=5 type=2 offset=30671478784 size=4096 flags=3145856
[Tue Aug 11 13:24:09 2026] zio pool=zroot vdev=/dev/disk/by-id/wwn-0x50025380a5914360-part3 error=5 type=2 offset=43860652032 size=16384 flags=2148533376
[Tue Aug 11 13:24:09 2026] zio pool=zroot vdev=/dev/disk/by-id/wwn-0x50025380a5914360-part3 error=5 type=5 offset=0 size=0 flags=2098304
[Tue Aug 11 13:24:09 2026] zio pool=zroot vdev=/dev/disk/by-id/wwn-0x50025380a5914360-part3 error=5 type=5 offset=0 size=0 flags=2098304
[Tue Aug 11 13:24:09 2026] zio pool=zroot vdev=/dev/disk/by-id/wwn-0x50025380a5914360-part3 error=5 type=5 offset=0 size=0 flags=2098304
[Tue Aug 11 13:24:09 2026] sd 0:0:6:0: [sda] Synchronizing SCSI cache
[Tue Aug 11 13:24:09 2026] sd 0:0:6:0: [sda] Synchronize Cache(10) failed: Result: hostbyte=DID_NO_CONNECT driverbyte=DRIVER_OK
[Tue Aug 11 13:24:09 2026] mpt3sas_cm0: mpt3sas_transport_port_remove: removed: sas_addr(0x50025380a5914362)
[Tue Aug 11 13:24:09 2026] mpt3sas_cm0: removing handle(0x001f), sas_addr(0x50025380a5914362)
[Tue Aug 11 13:24:09 2026] mpt3sas_cm0: enclosure logical id(0x500062b204731180), slot(12)
[Tue Aug 11 13:24:09 2026] mpt3sas_cm0: enclosure level(0x0000), connector name(     )
[Tue Aug 11 13:24:09 2026] FAT-fs (sda1): unable to read boot sector to mark fs as dirty
